Filesystem            Size Used Avail Use% Mounted on
/dev/block/dm-6       4.4G 4.4G     0 100% /
tmpfs                 3.7G  12M  3.6G   1% /dev
tmpfs                 3.7G    0  3.7G   0% /mnt
/dev/block/dm-21       30G 649M   29G   3% /mnt/expand/fb9233eb-7164-489f-be92-64e6ff4546e9
/dev/block/dm-7       716M 716M     0 100% /vendor
/dev/block/dm-9       8.0K 8.0K     0 100% /vendor/vgc
/dev/block/dm-8       1.5G 1.5G     0 100% /product
/dev/block/dm-10      7.0M 7.0M     0 100% /oem
/dev/block/dm-3       361M 361M     0 100% /system_ext
tmpfs                 3.7G  24K  3.7G   1% /apex
/dev/block/loop5      3.4M 3.4M     0 100% /apex/com.android.compos@3
/dev/block/loop10      39M  39M     0 100% /apex/com.android.i18n@1
/dev/block/dm-47       28M  28M     0 100% /apex/com.android.permission@371700340
/dev/block/loop9      7.1M 7.0M     0 100% /apex/com.android.uwb@361420720
/dev/block/loop16     232K 112K  116K  50% /apex/com.android.apex.cts.shim@1
/dev/block/dm-23       21M  21M     0 100% /apex/com.android.adservices@370547060
/dev/block/dm-45      6.0M 6.0M     0 100% /apex/com.android.extservices@371700023
/dev/block/dm-41      7.2M 7.2M     0 100% /apex/com.android.media@371700040
/dev/block/loop19      40M  40M     0 100% /apex/com.android.vndk.v34@1
/dev/block/loop17     1.7M 1.7M     0 100% /apex/com.android.profiling@360000009
/dev/block/loop11      45M  45M     0 100% /apex/com.android.vndk.v33@1
/dev/block/loop24      13M  13M     0 100% /apex/com.android.runtime@1
/dev/block/loop14     1.3M 1.3M  4.0K 100% /apex/com.android.rkpd@361420380
/dev/block/loop22      30M  30M     0 100% /apex/com.android.bt@360000009
/dev/block/dm-32       16M  16M     0 100% /apex/com.android.healthfitness@371706000
/dev/block/dm-35      4.2M 4.2M     0 100% /apex/com.android.appsearch@371700020
/dev/block/loop15      35M  35M     0 100% /apex/com.android.wifi@360000009
/dev/block/dm-14      232K  24K  204K  11% /apex/com.android.resolv@371715000
/dev/block/dm-18      5.4M 5.4M     0 100% /apex/com.android.configinfrastructure@371700020
/dev/block/loop25     316K 284K   28K  92% /apex/com.android.crashrecovery@360000009
/dev/block/dm-40      3.3M 3.2M     0 100% /apex/com.android.os.statsd@370547060
/dev/block/dm-28       11M  11M     0 100% /apex/com.android.adbd@371700020
/dev/block/loop30      90M  90M     0 100% /apex/com.android.virt@3
/dev/block/loop27     1.5M 1.5M     0 100% /apex/com.android.uprobestats@360000009
/dev/block/loop29      39M  39M     0 100% /apex/com.android.vndk.v31@1
/dev/block/dm-27       39M  39M     0 100% /apex/com.android.media.swcodec@371700040
/dev/block/loop34     5.8M 5.7M     0 100% /apex/com.android.devicelock@1
/dev/block/dm-24      804K 772K   16K  98% /apex/com.android.tzdata@370547060
/dev/block/dm-15       14M  14M     0 100% /apex/com.android.ondevicepersonalization@370547060
/dev/block/dm-16       33M  33M     0 100% /apex/com.android.mediaprovider@371700360
/dev/block/dm-25      7.9M 7.8M     0 100% /apex/com.android.conscrypt@371700020
/dev/block/dm-20       22M  22M     0 100% /apex/com.android.cellbroadcast@371700140
/dev/block/dm-19      7.8M 7.8M     0 100% /apex/com.android.neuralnetworks@371700020
/dev/block/dm-46       43M  43M     0 100% /apex/com.android.art@371700240
/dev/block/dm-13      232K 104K  124K  46% /apex/com.android.scheduling@371700240
/dev/block/dm-12      1.1M 1.0M   12K  99% /apex/com.android.sdkext@371707000
/dev/block/dm-17      836K 808K   12K  99% /apex/com.android.ipsec@371700020
/dev/block/dm-11       33M  33M     0 100% /apex/com.android.tethering@371706080
tmpfs                 3.7G 4.0K  3.7G   1% /bootstrap-apex
/dev/block/loop1      788K 756K   16K  98% /bootstrap-apex/com.android.tzdata@361157000
/dev/block/loop3       13M  13M     0 100% /bootstrap-apex/com.android.runtime@1
/dev/block/loop2       90M  90M     0 100% /bootstrap-apex/com.android.virt@3
/dev/block/loop4       39M  39M     0 100% /bootstrap-apex/com.android.i18n@1
/dev/block/loop0       39M  39M     0 100% /bootstrap-apex/com.android.vndk.v31@1
tmpfs                 3.7G    0  3.7G   0% /tmp
/dev/block/mmcblk0p50 208M  24M  176M  13% /cache
/dev/block/dm-50      8.0K 8.0K     0 100% /system/dyn
/dev/fuse             222G 192G   30G  87% /storage/emulated
/dev/fuse             222G 192G   30G  87% /storage/emulated/999
