[2026-06-20 21:31:34] [WBS] [Load Data] [Lulus - 5 aktivitas] [PASS]
[2026-06-20 21:31:34] [NETWORK] [Build Network] [Lulus - 5 node] [PASS]
[2026-06-20 21:31:34] [CPM] [Calculate] [Lulus - Durasi 39 dina] [PASS]
[2026-06-20 21:32:54] [WBS] [Load Data] [Lulus - 5 aktivitas] [PASS]
[2026-06-20 21:32:54] [NETWORK] [Build Network] [Lulus - 5 node] [PASS]
[2026-06-20 21:32:54] [CPM] [Calculate] [Lulus - Durasi 39 dina] [PASS]
[2026-06-20 21:32:54] [REPORT] [Generate] [Lulus - /data/data/com.termux/files/home/JDEQ/DATA_OUT/reports/network_report.md] [PASS]
[2026-06-20 21:32:54] [SYSTEM] [Complete] [Network Planning sukses] [READY]
[2026-06-20 23:27:55] [MICO] [START] [Orchestrator v0.2 mlaku] [READY]
[2026-06-20 23:27:55] [MICO] [STAGE_01] [Miwiti INITIATION] [RUNNING]
[2026-06-20 23:27:55] [MICO] [STAGE_02] [Miwiti PLANNING] [RUNNING]
[2026-06-20 23:27:55] [MICO] [STAGE_02] [Durasi 39 dina] [PASS]
[2026-06-20 23:27:55] [MICO] [STAGE_03] [Miwiti EXECUTION] [RUNNING]
[2026-06-20 23:27:55] [MICO] [STAGE_04] [Miwiti CONTROL] [RUNNING]
[2026-06-20 23:27:55] [MICO] [STAGE_04] [Laporan PEP digawe] [PASS]
[2026-06-20 23:27:55] [MICO] [STAGE_05] [Miwiti CLOSING] [RUNNING]
[2026-06-20 23:27:55] [MICO] [END] [Orchestrator rampung] [READY]
[2026-06-20 23:29:08] [RAB] [GENERATE] [Total Rp79,525,000] [PASS]
[2026-06-20 23:32:56] [EVM] [GENERATE] [SPI 0.85 CPI 0.94] [PASS]
[2026-06-20 23:34:04] [KURVAS] [GENERATE] [Rencana 100.0% Aktual 100.0%] [PASS]
[2026-06-20 23:34:36] [SYSTEM] [START] [Orchestrator Final mlaku] [READY]
[2026-06-20 23:34:36] [CPM] [HITUNG] [Durasi 39 dina] [PASS]
[2026-06-20 23:34:36] [RAB] [GENERATE] [Total Rp79,525,000] [PASS]
[2026-06-20 23:34:36] [RAB] [HITUNG] [Selesai] [PASS]
[2026-06-20 23:34:37] [EVM] [GENERATE] [SPI 0.85 CPI 0.94] [PASS]
[2026-06-20 23:34:37] [EVM] [HITUNG] [Selesai] [PASS]
[2026-06-20 23:34:37] [KURVAS] [GENERATE] [Rencana 100.0% Aktual 100.0%] [PASS]
[2026-06-20 23:34:37] [KURVAS] [DASHBOARD] [Selesai] [PASS]
[2026-06-20 23:34:37] [SYSTEM] [END] [Sedaya modul rampung] [READY]
[2026-06-20 23:50:58] [MICO] [IDENTITAS] [MICO v3.0 aktif] [READY]
[2026-06-20 23:50:58] [MICO] [CPM] [Durasi 39 dina] [PASS]
[2026-06-20 23:50:59] [RAB] [GENERATE] [Total Rp79,525,000] [PASS]
[2026-06-20 23:50:59] [MICO] [RAB] [Selesai] [PASS]
[2026-06-20 23:50:59] [EVM] [GENERATE] [SPI 0.85 CPI 0.94] [PASS]
[2026-06-20 23:50:59] [MICO] [EVM] [Selesai] [PASS]
[2026-06-20 23:50:59] [KURVAS] [GENERATE] [Rencana 100.0% Aktual 100.0%] [PASS]
[2026-06-20 23:50:59] [MICO] [DASHBOARD] [Selesai] [PASS]
[2026-06-20 23:50:59] [MICO] [REKOMENDASI] [Alternatif diberikan] [READY]
[2026-06-20 23:52:06] [MICO] [IDENTITAS] [MICO v3.0 aktif] [READY]
[2026-06-20 23:52:06] [MICO] [CPM] [Durasi 39 dina] [PASS]
[2026-06-20 23:52:06] [RAB] [GENERATE] [Total Rp79,525,000] [PASS]
[2026-06-20 23:52:06] [MICO] [RAB] [Selesai] [PASS]
[2026-06-20 23:52:06] [EVM] [GENERATE] [SPI 1.02 CPI 1.05] [PASS]
[2026-06-20 23:52:06] [MICO] [EVM] [Selesai] [PASS]
[2026-06-20 23:52:06] [KURVAS] [GENERATE] [Rencana 100.0% Aktual 100.0%] [PASS]
[2026-06-20 23:52:06] [MICO] [DASHBOARD] [Selesai] [PASS]
[2026-06-20 23:52:06] [MICO] [REKOMENDASI] [Alternatif diberikan] [READY]
[2026-06-20 23:56:57] [MICO] [IDENTITAS] [MICO v3.0 aktif] [READY]
[2026-06-20 23:56:57] [MICO] [CPM] [Durasi 39 dina] [PASS]
[2026-06-20 23:56:57] [RAB] [GENERATE] [Total Rp79,525,000] [PASS]
[2026-06-20 23:56:57] [MICO] [RAB] [Selesai] [PASS]
[2026-06-20 23:56:57] [EVM] [GENERATE] [SPI 1.02 CPI 1.05] [PASS]
[2026-06-20 23:56:57] [MICO] [EVM] [Selesai] [PASS]
[2026-06-20 23:56:58] [KURVAS] [GENERATE] [Rencana 100.0% Aktual 100.0%] [PASS]
[2026-06-20 23:56:58] [MICO] [DASHBOARD] [Selesai] [PASS]
[2026-06-20 23:56:58] [MICO] [REKOMENDASI] [Alternatif diberikan] [READY]
[2026-06-21 00:47:00] [MICO] [IDENTITAS] [MICO v3.0 aktif] [READY]
[2026-06-21 00:47:00] [MICO] [CPM] [Durasi 39 dina] [PASS]
[2026-06-21 00:47:00] [RAB] [GENERATE] [Total Rp79,525,000] [PASS]
[2026-06-21 00:47:00] [MICO] [RAB] [Selesai] [PASS]
[2026-06-21 00:47:00] [EVM] [GENERATE] [SPI 1.02 CPI 1.05] [PASS]
[2026-06-21 00:47:00] [MICO] [EVM] [Selesai] [PASS]
[2026-06-21 00:47:00] [KURVAS] [GENERATE] [Rencana 100.0% Aktual 100.0%] [PASS]
[2026-06-21 00:47:00] [MICO] [DASHBOARD] [Selesai] [PASS]
[2026-06-21 00:47:00] [MICO] [REKOMENDASI] [Alternatif diberikan] [READY]
[2026-06-21 00:54:15] [MICO] [IDENTITAS] [MICO v3.0 aktif] [READY]
[2026-06-21 00:54:15] [MICO] [CPM] [Durasi 39 dina] [PASS]
[2026-06-21 00:54:15] [RAB] [GENERATE] [Total Rp79,525,000] [PASS]
[2026-06-21 00:54:15] [MICO] [RAB] [Selesai] [PASS]
[2026-06-21 00:54:15] [EVM] [GENERATE] [SPI 1.02 CPI 1.05] [PASS]
[2026-06-21 00:54:15] [MICO] [EVM] [Selesai] [PASS]
[2026-06-21 00:54:15] [KURVAS] [GENERATE] [Rencana 100.0% Aktual 100.0%] [PASS]
[2026-06-21 00:54:15] [MICO] [DASHBOARD] [Selesai] [PASS]
[2026-06-21 00:54:15] [MICO] [REKOMENDASI] [Alternatif diberikan] [READY]
Sat Jun 20 19:07:15 UTC 2026 : Debian Self-Test PASS
[2026-06-20 19:08:03] [MICO] [IDENTITAS] [MICO v3.0 aktif] [READY]
[2026-06-20 19:08:03] [MICO] [CPM] [Durasi 39 dina] [PASS]
[2026-06-20 19:08:03] [MICO] [RAB] [Selesai] [PASS]
[2026-06-20 19:08:03] [MICO] [EVM] [Selesai] [PASS]
[2026-06-20 19:08:03] [MICO] [DASHBOARD] [Selesai] [PASS]
[2026-06-20 19:08:03] [MICO] [REKOMENDASI] [Alternatif diberikan] [READY]
[2026-06-20 19:08:55] [MICO] [IDENTITAS] [MICO v3.0 aktif] [READY]
[2026-06-20 19:08:55] [MICO] [CPM] [Durasi 39 dina] [PASS]
[2026-06-20 19:08:55] [RAB] [GENERATE] [Total Rp79,525,000] [PASS]
[2026-06-20 19:08:55] [MICO] [RAB] [Selesai] [PASS]
[2026-06-20 19:08:55] [EVM] [GENERATE] [SPI 1.02 CPI 1.05] [PASS]
[2026-06-20 19:08:56] [MICO] [EVM] [Selesai] [PASS]
[2026-06-20 19:08:56] [KURVAS] [GENERATE] [Rencana 100.0% Aktual 100.0%] [PASS]
[2026-06-20 19:08:56] [MICO] [DASHBOARD] [Selesai] [PASS]
[2026-06-20 19:08:56] [MICO] [REKOMENDASI] [Alternatif diberikan] [READY]
[2026-06-20 19:10:10] [MICO] [IDENTITAS] [MICO v3.0 aktif] [READY]
[2026-06-20 19:10:10] [MICO] [CPM] [Durasi 39 dina] [PASS]
[2026-06-20 19:10:10] [RAB] [GENERATE] [Total Rp79,525,000] [PASS]
[2026-06-20 19:10:10] [MICO] [RAB] [Selesai] [PASS]
[2026-06-20 19:10:10] [EVM] [GENERATE] [SPI 1.02 CPI 1.05] [PASS]
[2026-06-20 19:10:10] [MICO] [EVM] [Selesai] [PASS]
[2026-06-20 19:10:10] [KURVAS] [GENERATE] [Rencana 100.0% Aktual 100.0%] [PASS]
[2026-06-20 19:10:10] [MICO] [DASHBOARD] [Selesai] [PASS]
[2026-06-20 19:10:10] [MICO] [REKOMENDASI] [Alternatif diberikan] [READY]
[2026-06-21 02:42:51] [MONITOR] [GENERATE] [Progress 0.0% - MERAH] [PASS]
[2026-06-21 02:55:46] ORCHESTRATOR [PEP DNA dimuat: Membangun MICO sebagai Entitas Operasional Digital mandiri]
[2026-06-21 02:55:46] ORCHESTRATOR [Workflow dimuat: Arteri=['Input', 'Proses', 'Output', 'Evaluasi']]
[2026-06-21 02:55:46] ORCHESTRATOR [Agent Registry dimuat: 7 agen terdaftar]
[2026-06-21 02:55:46] ORCHESTRATOR [Menjalankan agen: validator]
[2026-06-21 02:55:46] ORCHESTRATOR [Menjalankan agen: audit]
[2026-06-21 02:55:46] ORCHESTRATOR [Menjalankan agen: network]
[2026-06-21 02:55:46] ORCHESTRATOR [Menjalankan agen: cpm]
[2026-06-21 02:55:46] ORCHESTRATOR [Menjalankan agen: report]
[2026-06-21 02:55:46] ORCHESTRATOR [Menjalankan agen: workflow]
[2026-06-21 02:55:46] ORCHESTRATOR [Menjalankan agen: pep]
[2026-06-21 02:55:46] ORCHESTRATOR [Orchestrator selesai.]
[2026-06-21 03:01:32] MICO [Identitas: MICO v3.0]
[2026-06-21 03:01:32] MICO [Env: Android, Storage: 85.7%]
[2026-06-21 03:01:32] MICO [MICO READY]
[2026-06-21 03:40:08] AUTOMATION [PASS] Aksi 'generate_report' berhasil
[2026-06-21 03:40:08] AUTOMATION [COMPLETE] 'generate_report' status: EXECUTED
[2026-06-21 03:40:08] AUTOMATION [COMPLETE] 'delete_database' status: APPROVED_BUT_NOT_EXECUTED
2026-06-21 04:21:10 | MICO | DASHBOARD | PASS
[2026-06-21 04:22:04] [RAB] [GENERATE] [Total Rp79,525,000] [PASS]
2026-06-21 04:22:04 | MICO | RAB | PASS
2026-06-21 04:22:06 | MICO | SECURE | PASS
[2026-06-21 04:25:15] [MICO] [IDENTITAS] [MICO v3.0 aktif] [READY]
[2026-06-21 04:25:15] [MICO] [CPM] [Durasi 39 dina] [PASS]
[2026-06-21 04:25:15] [RAB] [GENERATE] [Total Rp79,525,000] [PASS]
[2026-06-21 04:25:15] [MICO] [RAB] [Selesai] [PASS]
[2026-06-21 04:25:15] [EVM] [GENERATE] [SPI 1.02 CPI 1.05] [PASS]
[2026-06-21 04:25:15] [MICO] [EVM] [Selesai] [PASS]
[2026-06-21 04:25:16] [KURVAS] [GENERATE] [Rencana 100.0% Aktual 100.0%] [PASS]
[2026-06-21 04:25:16] [MICO] [DASHBOARD] [Selesai] [PASS]
[2026-06-21 04:25:16] [MICO] [REKOMENDASI] [Alternatif diberikan] [READY]
2026-06-21 04:25:16 | MICO | CPM | PASS
[2026-06-21 04:25:28] [RAB] [GENERATE] [Total Rp79,525,000] [PASS]
2026-06-21 04:25:28 | MICO | RAB | PASS
[2026-06-21 04:26:21] [MICO] [IDENTITAS] [MICO v3.0 aktif] [READY]
[2026-06-21 04:26:21] [MICO] [CPM] [Durasi 39 dina] [PASS]
[2026-06-21 04:26:21] [RAB] [GENERATE] [Total Rp79,525,000] [PASS]
[2026-06-21 04:26:21] [MICO] [RAB] [Selesai] [PASS]
[2026-06-21 04:26:21] [EVM] [GENERATE] [SPI 1.02 CPI 1.05] [PASS]
[2026-06-21 04:26:21] [MICO] [EVM] [Selesai] [PASS]
[2026-06-21 04:26:21] [KURVAS] [GENERATE] [Rencana 100.0% Aktual 100.0%] [PASS]
[2026-06-21 04:26:21] [MICO] [DASHBOARD] [Selesai] [PASS]
[2026-06-21 04:26:21] [MICO] [REKOMENDASI] [Alternatif diberikan] [READY]
2026-06-21 04:26:21 | MICO | CPM | PASS
[2026-06-21 04:42:25] [RAB] [GENERATE] [Total Rp79,525,000] [PASS]
2026-06-21 04:42:25 | MICO | RAB | PASS
2026-06-21 04:45:39 | BRIDGE | ENV_CHECK | Termux=OK Nix=FAIL
2026-06-21 04:45:40 | BRIDGE | PING | pong
2026-06-21 04:47:50 | BRIDGE | ENV_CHECK | Termux=OK Nix=FAIL
2026-06-21 04:49:47 | BRIDGE | NIX_SEARCH | NOT_FOUND
2026-06-21 04:49:47 | BRIDGE | BRIDGE_SEARCH | Selesai
2026-06-21 04:49:48 | BRIDGE | BRIDGE_STATUS | NIX_MISSING
2026-06-21 04:52:01 | BRIDGE | NIX_INSTALL | Attempted
[2026-06-21 04:58:42] [RAB] [GENERATE] [Total Rp79,525,000] [PASS]
2026-06-21 04:58:42 | MICO | RAB | PASS
[2026-06-21 05:04:37] [RAB] [GENERATE] [Total Rp79,525,000] [PASS]
2026-06-21 05:04:37 | MICO | RAB | PASS
2026-06-21 05:09:29 | BRIDGE | SHARED_BRIDGE | NixDir=/data/data/com.termux/files/home/storage/shared/NixBridge
2026-06-21 14:24:47 | MICO_GATEWAY | RAB | REQUEST
2026-06-21 14:24:47 | MICO_GATEWAY | RAB | FAIL
2026-06-21 14:24:57 | MICO_GATEWAY | RAB | REQUEST
2026-06-21 14:24:57 | MICO_GATEWAY | RAB | FAIL
2026-06-21 14:28:57 | MICO_GATEWAY | RAB | REQUEST
2026-06-21 14:28:57 | MICO_GATEWAY | RAB | PASS
2026-06-21 14:28:57 | MICO_GATEWAY | STATUS | CHECK
2026-06-21 14:28:57 | MICO_GATEWAY | RAB | REQUEST
2026-06-21 14:28:58 | MICO_GATEWAY | RAB | PASS
2026-06-21 14:31:49 | MICO_GATEWAY | STATUS | CHECK
2026-06-21 14:31:49 | MICO_GATEWAY | RAB | REQUEST
2026-06-21 14:31:49 | MICO_GATEWAY | RAB | PASS
2026-06-21 14:36:26 | MICO_GATEWAY | STATUS | CHECK
2026-06-21 14:36:26 | MICO_GATEWAY | RAB | REQUEST
2026-06-21 14:36:26 | MICO_GATEWAY | RAB | PASS
2026-06-21 15:14:08 | MICO_GATEWAY | STATUS | CHECK
2026-06-21 18:27:10 | BRIDGE_SVC | BOOT | Bridge service starting...
2026-06-21 18:27:10 | BRIDGE_SVC | SENT | Task sent to Nix
2026-06-21 18:27:11 | BRIDGE_SVC | RECEIVED | Result received from Nix
2026-06-21 22:42:00 | BRIDGE_SVC | BOOT | Bridge service starting...
2026-06-24 17:07:34 | BRIDGE_SVC | BOOT | Bridge service starting...
2026-06-26 04:04:07 | BRIDGE_SVC | BOOT | Bridge service starting...
2026-06-26 13:53:16 | BRIDGE_SVC | BOOT | Bridge service starting...
2026-06-27 03:08:09 | BRIDGE_SVC | BOOT | Bridge service starting...
2026-06-28 02:34:58 | BRIDGE_SVC | BOOT | Bridge service starting...
2026-06-28 17:39:42 | BRIDGE_SVC | BOOT | Bridge service starting...
2026-07-02 11:08:46 | BRIDGE_SVC | BOOT | Bridge service starting...
